/home/jacob/evtol/nodeh7/../openocd/xpack-openocd-0.12.0-1-linux-x64/xpack-openocd-0.12.0-1/
Info : The selected transport took over low-level target control. The results might differ compared to plain JTAG/SWD
1
Info : Listening on port 6666 for tcl connections
Info : Listening on port 4444 for telnet connections
Info : clock speed 1800 kHz
Info : STLINK V3J11M3 (API v3) VID:PID 0483:374E
Info : Target voltage: 3.279947
Info : [stm32h7x.cpu0] Cortex-M7 r1p1 processor detected
Info : [stm32h7x.cpu0] target has 8 breakpoints, 4 watchpoints
Info : starting gdb server for stm32h7x.cpu0 on 3333
Info : Listening on port 3333 for gdb connections
Info : accepting 'telnet' connection on tcp/4444
Info : accepting 'telnet' connection on tcp/4444
Info : dropped 'telnet' connection
[stm32h7x.cpu0] halted due to debug-request, current mode: Thread 
xPSR: 0x01000000 pc: 0x08001b24 msp: 0x24080000
Info : Unable to match requested speed 4000 kHz, using 3300 kHz
Info : Unable to match requested speed 4000 kHz, using 3300 kHz
** Programming Started **
Info : Device: STM32H74x/75x
Info : flash size probed value 2048k
Info : STM32H7 flash has dual banks
Info : Bank (0) size is 1024 kb, base address is 0x08000000
Info : Padding image section 1 at 0x0800a948 with 24 bytes (bank write end alignment)
Warn : Adding extra erase range, 0x0800a960 .. 0x0801ffff
** Programming Finished **
** Verify Started **
** Verified OK **
** Resetting Target **
Info : dropped 'telnet' connection
shutdown command invoked
